// Jest Snapshot v1, https://goo.gl/fbAQLP

exports[`DataForm should match snapshot upon load 1`] = `
ShallowWrapper {
  "length": 1,
  Symbol(enzyme.__root__): [Circular],
  Symbol(enzyme.__unrendered__): <DataForm
    data={
        Array [
            Object {
              "date_collected": "",
              "name": "",
              "reflectance": "",
              "wavelength": "",
            },
          ]
    }
    handleChange={[Function]}
    handleClick={[Function]}
/>,
  Symbol(enzyme.__renderer__): Object {
    "batchedUpdates": [Function],
    "getNode": [Function],
    "render": [Function],
    "simulateEvent": [Function],
    "unmount": [Function],
  },
  Symbol(enzyme.__node__): Object {
    "instance": null,
    "key": undefined,
    "nodeType": "host",
    "props": Object {
      "children": Array [
        Array [
          <div
            className="data-form-set 0"
>
            <h4>
                        Data Point 
                        1
            </h4>
            <input
                        className="name"
                        name="name"
                        onChange={[Function]}
                        placeholder="Name"
                        type="text"
                        value=""
            />
            <input
                        name="date_collected"
                        onChange={[Function]}
                        placeholder="Date collected"
                        type="text"
                        value=""
            />
            <input
                        name="reflectance"
                        onChange={[Function]}
                        placeholder="Reflectance"
                        type="text"
                        value=""
            />
            <input
                        name="wavelength"
                        onChange={[Function]}
                        placeholder="Wavelength"
                        type="text"
                        value=""
            />
</div>,
        ],
        <div
          className="add-remove-buttons"
>
          <button
                    onClick={[Function]}
          >
                    Add Data
          </button>
          <button
                    onClick={[Function]}
          >
                    Remove
          </button>
</div>,
      ],
      "className": "DataForm",
    },
    "ref": null,
    "rendered": Array [
      Object {
        "instance": null,
        "key": "0",
        "nodeType": "host",
        "props": Object {
          "children": Array [
            <h4>
              Data Point 
              1
</h4>,
            <input
              className="name"
              name="name"
              onChange={[Function]}
              placeholder="Name"
              type="text"
              value=""
/>,
            <input
              name="date_collected"
              onChange={[Function]}
              placeholder="Date collected"
              type="text"
              value=""
/>,
            <input
              name="reflectance"
              onChange={[Function]}
              placeholder="Reflectance"
              type="text"
              value=""
/>,
            <input
              name="wavelength"
              onChange={[Function]}
              placeholder="Wavelength"
              type="text"
              value=""
/>,
          ],
          "className": "data-form-set 0",
        },
        "ref": null,
        "rendered": Array [
          Object {
            "instance": null,
            "key": undefined,
            "nodeType": "host",
            "props": Object {
              "children": Array [
                "Data Point ",
                1,
              ],
            },
            "ref": null,
            "rendered": Array [
              "Data Point ",
              1,
            ],
            "type": "h4",
          },
          Object {
            "instance": null,
            "key": undefined,
            "nodeType": "host",
            "props": Object {
              "className": "name",
              "name": "name",
              "onChange": [Function],
              "placeholder": "Name",
              "type": "text",
              "value": "",
            },
            "ref": null,
            "rendered": null,
            "type": "input",
          },
          Object {
            "instance": null,
            "key": undefined,
            "nodeType": "host",
            "props": Object {
              "name": "date_collected",
              "onChange": [Function],
              "placeholder": "Date collected",
              "type": "text",
              "value": "",
            },
            "ref": null,
            "rendered": null,
            "type": "input",
          },
          Object {
            "instance": null,
            "key": undefined,
            "nodeType": "host",
            "props": Object {
              "name": "reflectance",
              "onChange": [Function],
              "placeholder": "Reflectance",
              "type": "text",
              "value": "",
            },
            "ref": null,
            "rendered": null,
            "type": "input",
          },
          Object {
            "instance": null,
            "key": undefined,
            "nodeType": "host",
            "props": Object {
              "name": "wavelength",
              "onChange": [Function],
              "placeholder": "Wavelength",
              "type": "text",
              "value": "",
            },
            "ref": null,
            "rendered": null,
            "type": "input",
          },
        ],
        "type": "div",
      },
      Object {
        "instance": null,
        "key": undefined,
        "nodeType": "host",
        "props": Object {
          "children": Array [
            <button
              onClick={[Function]}
>
              Add Data
</button>,
            <button
              onClick={[Function]}
>
              Remove
</button>,
          ],
          "className": "add-remove-buttons",
        },
        "ref": null,
        "rendered": Array [
          Object {
            "instance": null,
            "key": undefined,
            "nodeType": "host",
            "props": Object {
              "children": "Add Data",
              "onClick": [Function],
            },
            "ref": null,
            "rendered": "Add Data",
            "type": "button",
          },
          Object {
            "instance": null,
            "key": undefined,
            "nodeType": "host",
            "props": Object {
              "children": "Remove",
              "onClick": [Function],
            },
            "ref": null,
            "rendered": "Remove",
            "type": "button",
          },
        ],
        "type": "div",
      },
    ],
    "type": "div",
  },
  Symbol(enzyme.__nodes__): Array [
    Object {
      "instance": null,
      "key": undefined,
      "nodeType": "host",
      "props": Object {
        "children": Array [
          Array [
            <div
              className="data-form-set 0"
>
              <h4>
                            Data Point 
                            1
              </h4>
              <input
                            className="name"
                            name="name"
                            onChange={[Function]}
                            placeholder="Name"
                            type="text"
                            value=""
              />
              <input
                            name="date_collected"
                            onChange={[Function]}
                            placeholder="Date collected"
                            type="text"
                            value=""
              />
              <input
                            name="reflectance"
                            onChange={[Function]}
                            placeholder="Reflectance"
                            type="text"
                            value=""
              />
              <input
                            name="wavelength"
                            onChange={[Function]}
                            placeholder="Wavelength"
                            type="text"
                            value=""
              />
</div>,
          ],
          <div
            className="add-remove-buttons"
>
            <button
                        onClick={[Function]}
            >
                        Add Data
            </button>
            <button
                        onClick={[Function]}
            >
                        Remove
            </button>
</div>,
        ],
        "className": "DataForm",
      },
      "ref": null,
      "rendered": Array [
        Object {
          "instance": null,
          "key": "0",
          "nodeType": "host",
          "props": Object {
            "children": Array [
              <h4>
                Data Point 
                1
</h4>,
              <input
                className="name"
                name="name"
                onChange={[Function]}
                placeholder="Name"
                type="text"
                value=""
/>,
              <input
                name="date_collected"
                onChange={[Function]}
                placeholder="Date collected"
                type="text"
                value=""
/>,
              <input
                name="reflectance"
                onChange={[Function]}
                placeholder="Reflectance"
                type="text"
                value=""
/>,
              <input
                name="wavelength"
                onChange={[Function]}
                placeholder="Wavelength"
                type="text"
                value=""
/>,
            ],
            "className": "data-form-set 0",
          },
          "ref": null,
          "rendered": Array [
            Object {
              "instance": null,
              "key": undefined,
              "nodeType": "host",
              "props": Object {
                "children": Array [
                  "Data Point ",
                  1,
                ],
              },
              "ref": null,
              "rendered": Array [
                "Data Point ",
                1,
              ],
              "type": "h4",
            },
            Object {
              "instance": null,
              "key": undefined,
              "nodeType": "host",
              "props": Object {
                "className": "name",
                "name": "name",
                "onChange": [Function],
                "placeholder": "Name",
                "type": "text",
                "value": "",
              },
              "ref": null,
              "rendered": null,
              "type": "input",
            },
            Object {
              "instance": null,
              "key": undefined,
              "nodeType": "host",
              "props": Object {
                "name": "date_collected",
                "onChange": [Function],
                "placeholder": "Date collected",
                "type": "text",
                "value": "",
              },
              "ref": null,
              "rendered": null,
              "type": "input",
            },
            Object {
              "instance": null,
              "key": undefined,
              "nodeType": "host",
              "props": Object {
                "name": "reflectance",
                "onChange": [Function],
                "placeholder": "Reflectance",
                "type": "text",
                "value": "",
              },
              "ref": null,
              "rendered": null,
              "type": "input",
            },
            Object {
              "instance": null,
              "key": undefined,
              "nodeType": "host",
              "props": Object {
                "name": "wavelength",
                "onChange": [Function],
                "placeholder": "Wavelength",
                "type": "text",
                "value": "",
              },
              "ref": null,
              "rendered": null,
              "type": "input",
            },
          ],
          "type": "div",
        },
        Object {
          "instance": null,
          "key": undefined,
          "nodeType": "host",
          "props": Object {
            "children": Array [
              <button
                onClick={[Function]}
>
                Add Data
</button>,
              <button
                onClick={[Function]}
>
                Remove
</button>,
            ],
            "className": "add-remove-buttons",
          },
          "ref": null,
          "rendered": Array [
            Object {
              "instance": null,
              "key": undefined,
              "nodeType": "host",
              "props": Object {
                "children": "Add Data",
                "onClick": [Function],
              },
              "ref": null,
              "rendered": "Add Data",
              "type": "button",
            },
            Object {
              "instance": null,
              "key": undefined,
              "nodeType": "host",
              "props": Object {
                "children": "Remove",
                "onClick": [Function],
              },
              "ref": null,
              "rendered": "Remove",
              "type": "button",
            },
          ],
          "type": "div",
        },
      ],
      "type": "div",
    },
  ],
  Symbol(enzyme.__options__): Object {
    "adapter": ReactSixteenAdapter {
      "options": Object {
        "enableComponentDidUpdateOnSetState": true,
      },
    },
    "disableLifecycleMethods": true,
  },
}
`;
